BOOT: CDP up
BOOT: module booted (__woetBooted) PASS
BOOT: menu rendered (3 children) PASS
BOOT: skirmish screen reached PASS
BOOT: HUD injected (res strip + command cards + H toggle) PASS
BOOT: canvas has painted pixels (712028 non-transparent) PASS
BOOT: sim ticking (2.33s -> 3.85s) PASS
BOOT: H key toggles command bar (false -> true) PASS
BOOT: toggle arrow synced ('«') PASS
BOOT: Esc clears build ghost PASS
BOOT: Esc during build does NOT pause PASS
BOOT: Esc builds nothing PASS
BOOT: RMB cancels build ghost PASS
BOOT: RMB never builds a building PASS
BOOT: RMB never builds a unit (old deselect-build bug) PASS
BOOT: RMB does not pause PASS
BOOT: F10 opens pause overlay PASS
BOOT: Resume button is topmost (z-index 95 above #over 90) PASS
BOOT: clicking Resume closes the pause screen PASS
BOOT: no console.error in page PASS
BOOT: no uncaught page exceptions PASS
RESULT: ALL PASS
